--------------------------------------------------------------------------------------
Timing Analyzer Summary
--------------------------------------------------------------------------------------

Type           : Worst-case tsu
Slack          : N/A
Required Time  : None
Actual Time    : 8.622 ns
From           : offset[1]
To             : ram:ram_a|altsyncram:altsyncram_component|altsyncram_40l1:auto_generated|altsyncram_m4l1:altsyncram1|ram_block2a0~porta_address_reg8
From Clock     : --
To Clock       : sys_clk
Failed Paths   : 0

Type           : Worst-case tco
Slack          : N/A
Required Time  : None
Actual Time    : 19.947 ns
From           : address:wr_addr_counter|full
To             : sample_ok
From Clock     : sys_clk
To Clock       : --
Failed Paths   : 0

Type           : Worst-case tpd
Slack          : N/A
Required Time  : None
Actual Time    : 13.297 ns
From           : d_channel
To             : dac_b[3]
From Clock     : --
To Clock       : --
Failed Paths   : 0

Type           : Worst-case th
Slack          : N/A
Required Time  : None
Actual Time    : 4.528 ns
From           : reset
To             : address:wr_addr_counter|full
From Clock     : --
To Clock       : sys_clk
Failed Paths   : 0

Type           : Clock Setup: 'sys_clk'
Slack          : N/A
Required Time  : None
Actual Time    : 78.81 MHz ( period = 12.688 ns )
From           : address:wr_addr_counter|q[5]
To             : ram:ram_b|altsyncram:altsyncram_component|altsyncram_40l1:auto_generated|altsyncram_m4l1:altsyncram1|ram_block2a1~portb_address_reg5
From Clock     : sys_clk
To Clock       : sys_clk
Failed Paths   : 0

Type           : Clock Setup: 'divisor[1]'
Slack          : N/A
Required Time  : None
Actual Time    : 223.66 MHz ( period = 4.471 ns )
From           : address:wr_addr_counter|q[2]
To             : address:wr_addr_counter|q[8]
From Clock     : divisor[1]
To Clock       : divisor[1]
Failed Paths   : 0

Type           : Clock Setup: 'divisor[0]'
Slack          : N/A
Required Time  : None
Actual Time    : 271.81 MHz ( period = 3.679 ns )
From           : address:wr_addr_counter|q[2]
To             : address:wr_addr_counter|q[8]
From Clock     : divisor[0]
To Clock       : divisor[0]
Failed Paths   : 0

Type           : Clock Hold: 'sys_clk'
Slack          : Not operational: Clock Skew > Data Delay
Required Time  : None
Actual Time    : N/A
From           : address:wr_addr_counter|q[0]
To             : address:wr_addr_counter|q[0]
From Clock     : sys_clk
To Clock       : sys_clk
Failed Paths   : 90

Type           : Total number of failed paths
Slack          : 
Required Time  : 
Actual Time    : 
From           : 
To             : 
From Clock     : 
To Clock       : 
Failed Paths   : 90

--------------------------------------------------------------------------------------

