--------------------------------------------------------------------------------------
Timing Analyzer Summary
--------------------------------------------------------------------------------------

Type           : Worst-case tsu
Slack          : N/A
Required Time  : None
Actual Time    : 6.566 ns
From           : key_right
To             : address:ram_addr_gen|rd_addr[5]
From Clock     : --
To Clock       : freq_switch[0]
Failed Paths   : 0

Type           : Worst-case tco
Slack          : N/A
Required Time  : None
Actual Time    : 17.412 ns
From           : ram:frame_ram_b|altsyncram:altsyncram|altsyncram_l0p1:auto_generated|ram_block1a1~portb_address_reg8
To             : y_out_b[7]
From Clock     : sys_clk
To Clock       : --
Failed Paths   : 0

Type           : Worst-case tpd
Slack          : N/A
Required Time  : None
Actual Time    : 9.572 ns
From           : freq_switch[0]
To             : y_out_b[2]
From Clock     : --
To Clock       : --
Failed Paths   : 0

Type           : Worst-case th
Slack          : N/A
Required Time  : None
Actual Time    : 3.240 ns
From           : adc_db_a[4]
To             : ram:frame_ram_a|altsyncram:altsyncram|altsyncram_l0p1:auto_generated|ram_block1a0~porta_datain_reg4
From Clock     : --
To Clock       : sys_clk
Failed Paths   : 0

Type           : Clock Setup: 'sys_clk'
Slack          : N/A
Required Time  : None
Actual Time    : 107.25 MHz ( period = 9.324 ns )
From           : address:ram_addr_gen|start_addr[2]
To             : address:ram_addr_gen|rd_addr[5]
From Clock     : sys_clk
To Clock       : sys_clk
Failed Paths   : 0

Type           : Clock Setup: 'freq_switch[0]'
Slack          : N/A
Required Time  : None
Actual Time    : 132.71 MHz ( period = 7.535 ns )
From           : address:ram_addr_gen|start_addr[2]
To             : address:ram_addr_gen|rd_addr[5]
From Clock     : freq_switch[0]
To Clock       : freq_switch[0]
Failed Paths   : 0

Type           : Clock Setup: 'altera_internal_jtag~TCKUTAP'
Slack          : N/A
Required Time  : None
Actual Time    : 134.99 MHz ( period = 7.408 ns )
From           : sld_hub:sld_hub_inst|irf_reg[1][1]
To             : sld_hub:sld_hub_inst|tdo
From Clock     : altera_internal_jtag~TCKUTAP
To Clock       : altera_internal_jtag~TCKUTAP
Failed Paths   : 0

Type           : Clock Setup: 'freq_switch[1]'
Slack          : N/A
Required Time  : None
Actual Time    : 135.01 MHz ( period = 7.407 ns )
From           : address:ram_addr_gen|start_addr[2]
To             : address:ram_addr_gen|rd_addr[5]
From Clock     : freq_switch[1]
To Clock       : freq_switch[1]
Failed Paths   : 0

Type           : Clock Hold: 'sys_clk'
Slack          : Not operational: Clock Skew > Data Delay
Required Time  : None
Actual Time    : N/A
From           : address:ram_addr_gen|start_addr[0]
To             : address:ram_addr_gen|start_addr[0]
From Clock     : sys_clk
To Clock       : sys_clk
Failed Paths   : 9

Type           : Total number of failed paths
Slack          : 
Required Time  : 
Actual Time    : 
From           : 
To             : 
From Clock     : 
To Clock       : 
Failed Paths   : 9

--------------------------------------------------------------------------------------

