
Hexadecimal

Area                               Addr   Size   Decimal Bytes (Attributes)
--------------------------------   ----   ----   ------- ----- ------------
CABS                               0000   0000 =      0. bytes (ABS,CON,CODE)

      Value  Global
   --------  --------------------------------
  0C:FFFFFF00    s_BSEG
  0C:0000    l_BSEG
  0C:0000    l_BSEG_BYTES
  0C:0000    l_CABS
  0C:0000    l_GSINIT1
  0C:0000    l_GSINIT5
  0C:0000    l_IABS
  0C:0000    l_ISEG
  0C:0000    l_PSEG
  0C:0000    l_REG_BANK_1
  0C:0000    l_REG_BANK_2
  0C:0000    l_REG_BANK_3
  0C:0000    l_RSEG
  0C:0000    l_XABS
  0C:0000    l_XINIT
  0C:0000    l_XISEG
  0C:0000    l_XSEG
  0C:0000    l__CODE
  0C:0000    s_BSEG_BYTES
  0C:0000    s_CABS
  0C:0000    s_DSEG
  0C:0000    s_HOME
  0C:0000    s_IABS
  0C:0000    s_ISEG
  0C:0000    s_PSEG
  0C:0000    s_REG_BANK_0
  0C:0000    s_XABS
  0C:0000    s_XISEG
  0C:0000    s_XSEG
  0C:0001    l_BIT_BANK
  0C:0003    l_GSFINAL
  0C:0003    l_GSINIT0
  0C:0008    l_REG_BANK_0
  0C:0008    s_REG_BANK_1
  0C:000A    l_GSINIT2
  0C:000B    l_HOME
  0C:000B    s_GSINIT0
  0C:000E    s_GSINIT1
  0C:000E    s_GSINIT2
  0C:0010    s_REG_BANK_2
  0C:0018    s_GSINIT3
  0C:0018    s_REG_BANK_3
  0C:0020    l_SSEG
  0C:0020    s_BIT_BANK
  0C:0020    s__CODE
  0C:0022    l_GSINIT3
  0C:0022    l_OSEG
  0C:002A    l_GSINIT4
  0C:003A    s_GSINIT4
  0C:0057    s_OSEG
  0C:0064    s_GSINIT
  0C:0064    s_GSINIT5
  0C:0075    l_DSEG
  0C:0079    s_RSEG
  0C:0079    s_SSEG
  0C:007E    l_GSINIT
  0C:00C3    l_CONST
  0C:00E2    s_GSFINAL
  0C:00E5    s_CSEG
  0C:0100    l_IRAM
  0C:0826    l_CSEG
  0C:090B    s_CONST
  0C:09CE    s_XINIT



Hexadecimal

Area                               Addr   Size   Decimal Bytes (Attributes)
--------------------------------   ----   ----   ------- ----- ------------
.  .ABS.                           0000   0000 =      0. bytes (ABS,CON)

      Value  Global
   --------  --------------------------------
     0080    _P0
     0080    _P0_0
     0081    _P0_1
     0081    _SP
     0082    _DPL
     0082    _P0_2
     0083    _DPH
     0083    _P0_3
     0084    _P0_4
     0085    _P0_5
     0086    _P0_6
     0087    _P0_7
     0087    _PCON
     0088    _IT0
     0088    _TCON
     0089    _IE0
     0089    _TMOD
     008A    _IT1
     008A    _TL0
     008B    _IE1
     008B    _TL1
     008C    _TH0
     008C    _TR0
     008D    _TF0
     008D    _TH1
     008E    _TR1
     008F    _TF1
     0090    _P1
     0090    _P1_0
     0091    _P1_1
     0092    _P1_2
     0093    _P1_3
     0094    _P1_4
     0095    _P1_5
     0096    _P1_6
     0097    _P1_7
     0098    _RI
     0098    _SCON
     0099    _SBUF
     0099    _TI
     009A    _RB8
     009B    _TB8
     009C    _REN
     009D    _SM2
     009E    _SM1
     009F    _SM0
     00A0    _P2
     00A0    _P2_0
     00A0    __XPAGE
     00A1    _P2_1
     00A2    _P2_2
     00A3    _P2_3
     00A4    _P2_4
     00A5    _P2_5
     00A6    _P2_6
     00A7    _P2_7
     00A8    _EX0
     00A8    _IE
     00A9    _ET0
     00AA    _EX1
     00AB    _ET1
     00AC    _ES
     00AF    _EA
     00B0    _P3
     00B0    _P3_0
     00B0    _RXD
     00B1    _P3_1
     00B1    _TXD
     00B2    _INT0
     00B2    _P3_2
     00B3    _INT1
     00B3    _P3_3
     00B4    _P3_4
     00B4    _T0
     00B5    _P3_5
     00B5    _T1
     00B6    _P3_6
     00B6    _WR
     00B7    _P3_7
     00B7    _RD
     00B8    _IP
     00B8    _PX0
     00B9    _PT0
     00BA    _PX1
     00BB    _PT1
     00BC    _PS
     00D0    _P
     00D0    _PSW
     00D1    _F1
     00D2    _OV
     00D3    _RS0
     00D4    _RS1
     00D5    _F0
     00D6    _AC
     00D7    _CY
     00E0    _ACC
     00F0    _B
     00F5    _B_5
     00F6    _B_6
     00F7    _B_7









Hexadecimal

Area                               Addr   Size   Decimal Bytes (Attributes)
--------------------------------   ----   ----   ------- ----- ------------
DSEG                               0000   0075 =    117. bytes (REL,CON)

      Value  Global
   --------  --------------------------------
     0008    _lcd_write_PARM_2
     0009    _lcd_shift_PARM_2
     000A    _lcd_position_PARM_2
     000B    _lcd_printsxy_PARM_2
     000C    _lcd_printsxy_PARM_3
     000D    _lcd_printcxy_PARM_2
     000E    _lcd_printcxy_PARM_3
     000F    _lcd_printnxy_PARM_2
     0010    _lcd_printnxy_PARM_3
     0021    _state
     0022    _lcd_str
     0042    _keycache
     0046    _sign

Hexadecimal

Area                               Addr   Size   Decimal Bytes (Attributes)
--------------------------------   ----   ----   ------- ----- ------------
OSEG                               0057   0022 =     34. bytes (REL,OVR)

      Value  Global
   --------  --------------------------------
     0057    __divslong_PARM_2
     0057    __divulong_PARM_2
     0057    __modslong_PARM_2
     0057    __modulong_PARM_2
     0057    __mullong_PARM_2
     0057    _key_make_keytable_1_1
     0057    _update_str_PARM_2
     0058    _update_str_i_1_1


Hexadecimal

Area                               Addr   Size   Decimal Bytes (Attributes)
--------------------------------   ----   ----   ------- ----- ------------
SSEG                               0079   0020 =     32. bytes (REL,OVR)

      Value  Global
   --------  --------------------------------
     0079    __start__stack





Hexadecimal

Area                               Addr   Size   Decimal Bytes (Attributes)
--------------------------------   ----   ----   ------- ----- ------------
HOME                               0000   000B =     11. bytes (REL,CON,CODE)

      Value  Global
   --------  --------------------------------
  0C:0006    __sdcc_program_startup

Hexadecimal

Area                               Addr   Size   Decimal Bytes (Attributes)
--------------------------------   ----   ----   ------- ----- ------------
GSINIT0                            000B   0003 =      3. bytes (REL,CON,CODE)

      Value  Global
   --------  --------------------------------
  0C:000B    __sdcc_gsinit_startup



Hexadecimal

Area                               Addr   Size   Decimal Bytes (Attributes)
--------------------------------   ----   ----   ------- ----- ------------
GSINIT3                            0018   0022 =     34. bytes (REL,CON,CODE)

      Value  Global
   --------  --------------------------------
  0C:0018    __mcs51_genXINIT

Hexadecimal

Area                               Addr   Size   Decimal Bytes (Attributes)
--------------------------------   ----   ----   ------- ----- ------------
GSINIT4                            003A   002A =     42. bytes (REL,CON,CODE)

      Value  Global
   --------  --------------------------------
  0C:003A    __mcs51_genRAMCLEAR
  0C:0040    __mcs51_genXRAMCLEAR




Hexadecimal

Area                               Addr   Size   Decimal Bytes (Attributes)
--------------------------------   ----   ----   ------- ----- ------------
CSEG                               00E5   0826 =   2086. bytes (REL,CON,CODE)

      Value  Global
   --------  --------------------------------
  0C:00E5    _keypad_interrupt
  0C:0202    _flush
  0C:022C    _refresh
  0C:0250    _menu_refresh
  0C:02C5    _update_str
  0C:0301    _num_refresh
  0C:03E3    _interrupt_init
  0C:03F6    _main
  0C:0402    _delay
  0C:043D    _key_make
  0C:04C5    _key_scan
  0C:04F5    _lcd_wait
  0C:0506    _lcd_write
  0C:051E    _lcd_shift
  0C:0559    _lcd_position
  0C:056E    _lcd_cls
  0C:0577    _lcd_prints
  0C:05AF    _lcd_printsxy
  0C:05FC    _lcd_printc
  0C:0605    _lcd_printcxy
  0C:061C    _lcd_printnxy
  0C:069F    _lcd_init
  0C:06F4    __modulong
  0C:0777    __divulong
  0C:07DC    __mullong
  0C:07DC    __mullong_dummy
  0C:084A    __modslong
  0C:0899    __divslong
  0C:08EB    __gptrget
  0C:0907    __sdcc_external_startup


ASxxxx Linker V01.75 + NoICE + SDCC Feb 1999,  page 1.

Files Linked      [ module(s) ]

main.rel        
common.rel      
keypad.rel      
lcd.rel         

Libraries Linked            [   object  file   ]

/usr/bin/../share/sdcc/lib/small/liblong.lib    [    _modulong.rel ]
/usr/bin/../share/sdcc/lib/small/liblong.lib    [    _divulong.rel ]
/usr/bin/../share/sdcc/lib/small/mcs51.lib    [     crtclear.rel ]
/usr/bin/../share/sdcc/lib/small/mcs51.lib    [     crtxinit.rel ]
/usr/bin/../share/sdcc/lib/small/liblong.lib    [     _mullong.rel ]
/usr/bin/../share/sdcc/lib/small/mcs51.lib    [    crtxclear.rel ]
/usr/bin/../share/sdcc/lib/small/liblong.lib    [    _modslong.rel ]
/usr/bin/../share/sdcc/lib/small/liblong.lib    [    _divslong.rel ]
/usr/bin/../share/sdcc/lib/small/mcs51.lib    [   crtpagesfr.rel ]
/usr/bin/../share/sdcc/lib/small/mcs51.lib    [     crtstart.rel ]
/usr/bin/../share/sdcc/lib/small/libsdcc.lib    [         _gptrget ]
/usr/bin/../share/sdcc/lib/small/libsdcc.lib    [         _startup ]

ASxxxx Linker V01.75 + NoICE + SDCC Feb 1999,  page 2.

User Base Address Definitions

HOME = 0x0000
ISEG = 0x0000
BSEG = 0x0000

