C51 COMPILER V7.06   COMMON                                                                10/15/2008 18:31:39 PAGE 1   


C51 COMPILER V7.06, COMPILATION OF MODULE COMMON
OBJECT MODULE PLACED IN common.OBJ
COMPILER INVOKED BY: D:\Keil\C51\BIN\C51.EXE common.c BROWSE DEBUG OBJECTEXTEND

stmt level    source

   1          /***************************************************
   2          *                                          公共库
   3          *
   4          *    TODU
   5          *         延时函数：增加延时类别
   6          ***************************************************/
   7          
   8          #include "common.h"
   9          
  10          void delay(char num)
  11          {
  12   1      /***********************
  13   1      *   延时函数
  14   1      *
  15   1      *   参数：延时时间
  16   1      *    返回：空
  17   1      *
  18   1      ************************/
  19   1              int i,j;
  20   1              while(num){
  21   2                      for(i=200;i>0;i--)
  22   2                              for(j=200;j>0;j--);
  23   2                      num--;
  24   2              }
  25   1              return;
  26   1      }
  27          
  28          void delay_ms(int num)
  29          {
  30   1              /***********************
  31   1              *   延时函数
  32   1              *
  33   1              *   参数：延时时间
  34   1              *    返回：空
  35   1              *
  36   1              ************************/
  37   1              char j;
  38   1              while(num){
  39   2                      for(j=40; j>0; j--);
  40   2                      num--;
  41   2              }
  42   1              return;
  43   1      }


MODULE INFORMATION:   STATIC OVERLAYABLE
   CODE SIZE        =     49    ----
   CONSTANT SIZE    =   ----    ----
   XDATA SIZE       =   ----    ----
   PDATA SIZE       =   ----    ----
   DATA SIZE        =   ----    ----
   IDATA SIZE       =   ----    ----
   BIT SIZE         =   ----    ----
END OF MODULE INFORMATION.


C51 COMPILATION COMPLETE.  0 WARNING(S),  0 ERROR(S)
