C51 COMPILER V7.06   MAIN                                                                  10/15/2008 18:31:39 PAGE 1   


C51 COMPILER V7.06, COMPILATION OF MODULE MAIN
OBJECT MODULE PLACED IN main.OBJ
COMPILER INVOKED BY: D:\Keil\C51\BIN\C51.EXE main.c BROWSE DEBUG OBJECTEXTEND

stmt level    source

   1          /*---------------------------------
   2                          主文件
   3          
   4                  作者 : Athurg
   5          
   6                  修订：
   7                          08/04：增加Make规则编译
   8                          08/11：修正包含规则
   9          -----------------------------------*/
  10          
  11          #include "8051.h"
  12          #include "lcd.h"
  13          #include "keypad.h"
  14          #include "common.h"
  15          
  16          
  17          
  18          /*----------------------------  全 局 变 量  --------------------------－-*/
  19          char state=0;   //状态变量,0为待机,W波形,F频率,A幅度
  20          char stand_str[38]="     Wave;F=     KHz;A=   Vol   ";
  21          char stand_pos=0;       //控制待机时屏幕流动显示的位置；
  22          
  23          long int keycache=0;            //键盘输入缓存
  24          struct signal{
  25                  char w;         //波形
  26                  long int f;     //频率
  27                  char a;         //振幅
  28          }sign={1,1000,5};
  29          
  30          /*----------------------------  函 数 声 明  ----------------------------*/
  31          void interrupt_init(void);      //中断初始化
  32          void keypad_interrupt(void);    //键盘中断处理函数
  33          
  34          void flush(void);       //数据处理函数
  35          void refresh(void);     //数据处理函数
  36          
  37          void insert_str(char *str_p,char x, char y);
  38          void insert_num(long int num,char x, char y);
  39          
  40          void serial_write(unsigned int datas);
  41          
  42          /*函数实现*/
  43          
  44          void keypad_interrupt(void) interrupt 0
  45          {
  46   1      /*************************
  47   1      *
  48   1      *         键盘中断处理程序
  49   1      *
  50   1      *     参数：INT0有效
  51   1      *     调用：delay、键盘处理函数
  52   1      *************************/
  53   1          unsigned char  key;
  54   1          key=key_make(key_scan());
  55   1          
C51 COMPILER V7.06   MAIN                                                                  10/15/2008 18:31:39 PAGE 2   

  56   1          if(key>10){ //功能区
  57   2                      key-=20;
  58   2                      if(key==4)              flush();        //功能处理
  59   2                      else                    state=key;
  60   2                      keycache=0;     //清空输入缓存
  61   2          }else if(state){    //非设置状态的数字按键丢弃
  62   2                      if(state==1)    keycache=key;//波形选择只收集一次按键
  63   2                      else            keycache=keycache>999999999 ? 0 : (key+keycache*10);    //频率幅度需要叠加
  64   2          }
  65   1          refresh();
  66   1              delay(1);
  67   1      }
  68          
  69          void flush(void)
  70          {
  71   1          switch(state){
  72   2                      case 1:
  73   2                              sign.w=keycache;
  74   2                              break;
  75   2                      case 2:
  76   2                              sign.f=keycache;
  77   2                              break;
  78   2                      case 3:
  79   2                              sign.a=keycache;
  80   2                              break;
  81   2          }
  82   1          //TODO:
  83   1          //此处要添加输出到总线的代码；
  84   1      
  85   1              state=0;                //处理完成恢复待机状态
  86   1      }
  87          
  88          void refresh(void)
  89          {
  90   1              lcd_printsxy("                ",0,0);
  91   1              lcd_printsxy("                ",0,1);
  92   1              switch(state){
  93   2                      case 0:
  94   2                              switch(sign.w){
  95   3                                      case 2:lcd_printsxy("Rect    A=   Vol",0,0);    break;
  96   3                                      case 3:lcd_printsxy("Tria    A=   Vol",0,0);    break;
  97   3                                      default:lcd_printsxy("sine    A=   Vol",0,0);   break;
  98   3                              }
  99   2      
 100   2                              lcd_printsxy("F=       KHz",0,1);
 101   2                              lcd_printnxy(sign.a,12,0);lcd_printnxy(sign.f,8,1);
 102   2                              break;
 103   2                      case 1:
 104   2                              lcd_printsxy("Wave Select",0,0);
 105   2                              switch(keycache){
 106   3                                      case 1: lcd_printsxy("Sine Wave",0,1);break;
 107   3                                      case 2: lcd_printsxy("Deco Wave",0,1);break;
 108   3                                      case 3: lcd_printsxy("Tria Wave",0,1);break;
 109   3                                      default: lcd_printsxy("1.Sin 2.Dec 3.Tri",0,1);break;
 110   3                              }
 111   2                              break;
 112   2                      case 2:
 113   2                              lcd_printsxy("Frequence Set",0,0);
 114   2                              lcd_printsxy("KHz",13,1);
 115   2                              lcd_printnxy(keycache,12,1);
 116   2                              break;
 117   2                      case 3:
C51 COMPILER V7.06   MAIN                                                                  10/15/2008 18:31:39 PAGE 3   

 118   2                              lcd_printsxy("Ample Setting",0,0);
 119   2                              lcd_printsxy("Vol",13,1);
 120   2                              lcd_printnxy(keycache,12,1);
 121   2                              break;
 122   2              }
 123   1              stand_pos=0;
 124   1      }
 125          
 126          
 127          /****************************
 128                      中断初始化
 129              说明：
 130                  电平方式外部中断、串行中断响应后CPU无法自动撤除中断请求，必须在中断响应程序中手动撤除。
 131                  其他方式CPU会自动撤除
 132          *****************************/
 133          void interrupt_init(void)
 134          {
 135   1              //外部中断0
 136   1          EX0=1;      //外部中断0
 137   1          
 138   1          PX0=1;      //外部中断优先
 139   1          
 140   1          IT1=1;      //下降沿出发
 141   1      
 142   1              //串口
 143   1              SCON=0x00;      //方式0
 144   1          ES =1;              //串行中断
 145   1          //总开关
 146   1          EA=1;
 147   1      }
 148          
 149          void serial_write(unsigned int datas)
 150          {
 151   1      /*
 152   1      串口输出
 153   1      
 154   1      参数：16位
 155   1      返回：空
 156   1      
 157   1      说明：先写入高八位，再写入低八位；MAX531自动丢弃高八位的高四位；
 158   1      */
 159   1              P3_3=0;
 160   1      
 161   1              SBUF=datas>>8;
 162   1              while(!TI);
 163   1              TI=0;
 164   1              SBUF=(datas<<8)>>8;
 165   1              while(!TI);
 166   1              TI=0;
 167   1      
 168   1              P3_3=1; //给MAX531片选端一个上升沿
 169   1      }
 170          void main(void)
 171          {
 172   1              //初始化
 173   1          lcd_init(); //LCD初始化
 174   1          interrupt_init();   //外部中断0初始化
 175   1          P1=0xf0;    //键盘初始化
 176   1      
 177   1              refresh();
 178   1              while(1);
 179   1      }
C51 COMPILER V7.06   MAIN                                                                  10/15/2008 18:31:39 PAGE 4   



MODULE INFORMATION:   STATIC OVERLAYABLE
   CODE SIZE        =    607    ----
   CONSTANT SIZE    =    177    ----
   XDATA SIZE       =   ----    ----
   PDATA SIZE       =   ----    ----
   DATA SIZE        =     50       1
   IDATA SIZE       =   ----    ----
   BIT SIZE         =   ----    ----
END OF MODULE INFORMATION.


C51 COMPILATION COMPLETE.  0 WARNING(S),  0 ERROR(S)
